Archive member included to satisfy reference by file (symbol)

c:/program files (x86)/atmel/studio/7.0/toolchain/avr8/avr8-gnu-toolchain/bin/../lib/gcc/avr/5.4.0/avr5\libgcc.a(_exit.o)
                              C:/Program Files (x86)/Atmel/Studio/7.0/Packs/atmel/ATmega_DFP/1.7.374/gcc/dev/atmega32/avr5/crtatmega32.o (exit)
c:/program files (x86)/atmel/studio/7.0/toolchain/avr8/avr8-gnu-toolchain/bin/../lib/gcc/avr/5.4.0/avr5\libgcc.a(_copy_data.o)
                              App/App.o (__do_copy_data)
c:/program files (x86)/atmel/studio/7.0/toolchain/avr8/avr8-gnu-toolchain/bin/../lib/gcc/avr/5.4.0/avr5\libgcc.a(_clear_bss.o)
                              App/App.o (__do_clear_bss)

Discarded input sections

 .data          0x00000000        0x0 C:/Program Files (x86)/Atmel/Studio/7.0/Packs/atmel/ATmega_DFP/1.7.374/gcc/dev/atmega32/avr5/crtatmega32.o
 .bss           0x00000000        0x0 C:/Program Files (x86)/Atmel/Studio/7.0/Packs/atmel/ATmega_DFP/1.7.374/gcc/dev/atmega32/avr5/crtatmega32.o
 .text          0x00000000        0x0 App/App.o
 .data          0x00000000        0x0 App/App.o
 .bss           0x00000000        0x0 App/App.o
 .text.Test_drivers
                0x00000000       0x68 App/App.o
 .bss.CTC_Counter_t
                0x00000000        0x2 App/App.o
 .bss.stateCounter_t
                0x00000000        0x1 App/App.o
 .text          0x00000000        0x0 HAL/MLED/MLED_Program.o
 .data          0x00000000        0x0 HAL/MLED/MLED_Program.o
 .bss           0x00000000        0x0 HAL/MLED/MLED_Program.o
 .text          0x00000000        0x0 main.o
 .data          0x00000000        0x0 main.o
 .bss           0x00000000        0x0 main.o
 .text          0x00000000        0x0 MCAL/MDIO/MDIO_Program.o
 .data          0x00000000        0x0 MCAL/MDIO/MDIO_Program.o
 .bss           0x00000000        0x0 MCAL/MDIO/MDIO_Program.o
 .text.MDIO_SetPortValue
                0x00000000       0x28 MCAL/MDIO/MDIO_Program.o
 .text.MDIO_ReadPort
                0x00000000       0x36 MCAL/MDIO/MDIO_Program.o
 .text          0x00000000        0x0 MCAL/MEXTI/MEXTI_Program.o
 .data          0x00000000        0x0 MCAL/MEXTI/MEXTI_Program.o
 .bss           0x00000000        0x0 MCAL/MEXTI/MEXTI_Program.o
 .text.MEXTI1_Init
                0x00000000       0x14 MCAL/MEXTI/MEXTI_Program.o
 .text.MEXTI2_Init
                0x00000000       0x14 MCAL/MEXTI/MEXTI_Program.o
 .text          0x00000000        0x0 MCAL/MGIE/MGIE_Program.o
 .data          0x00000000        0x0 MCAL/MGIE/MGIE_Program.o
 .bss           0x00000000        0x0 MCAL/MGIE/MGIE_Program.o
 .text.MGIE_Disable
                0x00000000        0x8 MCAL/MGIE/MGIE_Program.o
 .text          0x00000000        0x0 MCAL/MTIMER/MTIMER_Program.o
 .data          0x00000000        0x0 MCAL/MTIMER/MTIMER_Program.o
 .bss           0x00000000        0x0 MCAL/MTIMER/MTIMER_Program.o
 .text.MTIMER0_SetPreload
                0x00000000        0x4 MCAL/MTIMER/MTIMER_Program.o
 .text.MTIMER0_OVERFLOW_CALLBACK
                0x00000000       0x1a MCAL/MTIMER/MTIMER_Program.o
 .text          0x00000000        0x0 c:/program files (x86)/atmel/studio/7.0/toolchain/avr8/avr8-gnu-toolchain/bin/../lib/gcc/avr/5.4.0/avr5\libgcc.a(_exit.o)
 .data          0x00000000        0x0 c:/program files (x86)/atmel/studio/7.0/toolchain/avr8/avr8-gnu-toolchain/bin/../lib/gcc/avr/5.4.0/avr5\libgcc.a(_exit.o)
 .bss           0x00000000        0x0 c:/program files (x86)/atmel/studio/7.0/toolchain/avr8/avr8-gnu-toolchain/bin/../lib/gcc/avr/5.4.0/avr5\libgcc.a(_exit.o)
 .text.libgcc.mul
                0x00000000        0x0 c:/program files (x86)/atmel/studio/7.0/toolchain/avr8/avr8-gnu-toolchain/bin/../lib/gcc/avr/5.4.0/avr5\libgcc.a(_exit.o)
 .text.libgcc.div
                0x00000000        0x0 c:/program files (x86)/atmel/studio/7.0/toolchain/avr8/avr8-gnu-toolchain/bin/../lib/gcc/avr/5.4.0/avr5\libgcc.a(_exit.o)
 .text.libgcc   0x00000000        0x0 c:/program files (x86)/atmel/studio/7.0/toolchain/avr8/avr8-gnu-toolchain/bin/../lib/gcc/avr/5.4.0/avr5\libgcc.a(_exit.o)
 .text.libgcc.prologue
                0x00000000        0x0 c:/program files (x86)/atmel/studio/7.0/toolchain/avr8/avr8-gnu-toolchain/bin/../lib/gcc/avr/5.4.0/avr5\libgcc.a(_exit.o)
 .text.libgcc.builtins
                0x00000000        0x0 c:/program files (x86)/atmel/studio/7.0/toolchain/avr8/avr8-gnu-toolchain/bin/../lib/gcc/avr/5.4.0/avr5\libgcc.a(_exit.o)
 .text.libgcc.fmul
                0x00000000        0x0 c:/program files (x86)/atmel/studio/7.0/toolchain/avr8/avr8-gnu-toolchain/bin/../lib/gcc/avr/5.4.0/avr5\libgcc.a(_exit.o)
 .text.libgcc.fixed
                0x00000000        0x0 c:/program files (x86)/atmel/studio/7.0/toolchain/avr8/avr8-gnu-toolchain/bin/../lib/gcc/avr/5.4.0/avr5\libgcc.a(_exit.o)
 .text          0x00000000        0x0 c:/program files (x86)/atmel/studio/7.0/toolchain/avr8/avr8-gnu-toolchain/bin/../lib/gcc/avr/5.4.0/avr5\libgcc.a(_copy_data.o)
 .data          0x00000000        0x0 c:/program files (x86)/atmel/studio/7.0/toolchain/avr8/avr8-gnu-toolchain/bin/../lib/gcc/avr/5.4.0/avr5\libgcc.a(_copy_data.o)
 .bss           0x00000000        0x0 c:/program files (x86)/atmel/studio/7.0/toolchain/avr8/avr8-gnu-toolchain/bin/../lib/gcc/avr/5.4.0/avr5\libgcc.a(_copy_data.o)
 .text.libgcc.mul
                0x00000000        0x0 c:/program files (x86)/atmel/studio/7.0/toolchain/avr8/avr8-gnu-toolchain/bin/../lib/gcc/avr/5.4.0/avr5\libgcc.a(_copy_data.o)
 .text.libgcc.div
                0x00000000        0x0 c:/program files (x86)/atmel/studio/7.0/toolchain/avr8/avr8-gnu-toolchain/bin/../lib/gcc/avr/5.4.0/avr5\libgcc.a(_copy_data.o)
 .text.libgcc   0x00000000        0x0 c:/program files (x86)/atmel/studio/7.0/toolchain/avr8/avr8-gnu-toolchain/bin/../lib/gcc/avr/5.4.0/avr5\libgcc.a(_copy_data.o)
 .text.libgcc.prologue
                0x00000000        0x0 c:/program files (x86)/atmel/studio/7.0/toolchain/avr8/avr8-gnu-toolchain/bin/../lib/gcc/avr/5.4.0/avr5\libgcc.a(_copy_data.o)
 .text.libgcc.builtins
                0x00000000        0x0 c:/program files (x86)/atmel/studio/7.0/toolchain/avr8/avr8-gnu-toolchain/bin/../lib/gcc/avr/5.4.0/avr5\libgcc.a(_copy_data.o)
 .text.libgcc.fmul
                0x00000000        0x0 c:/program files (x86)/atmel/studio/7.0/toolchain/avr8/avr8-gnu-toolchain/bin/../lib/gcc/avr/5.4.0/avr5\libgcc.a(_copy_data.o)
 .text.libgcc.fixed
                0x00000000        0x0 c:/program files (x86)/atmel/studio/7.0/toolchain/avr8/avr8-gnu-toolchain/bin/../lib/gcc/avr/5.4.0/avr5\libgcc.a(_copy_data.o)
 .text          0x00000000        0x0 c:/program files (x86)/atmel/studio/7.0/toolchain/avr8/avr8-gnu-toolchain/bin/../lib/gcc/avr/5.4.0/avr5\libgcc.a(_clear_bss.o)
 .data          0x00000000        0x0 c:/program files (x86)/atmel/studio/7.0/toolchain/avr8/avr8-gnu-toolchain/bin/../lib/gcc/avr/5.4.0/avr5\libgcc.a(_clear_bss.o)
 .bss           0x00000000        0x0 c:/program files (x86)/atmel/studio/7.0/toolchain/avr8/avr8-gnu-toolchain/bin/../lib/gcc/avr/5.4.0/avr5\libgcc.a(_clear_bss.o)
 .text.libgcc.mul
                0x00000000        0x0 c:/program files (x86)/atmel/studio/7.0/toolchain/avr8/avr8-gnu-toolchain/bin/../lib/gcc/avr/5.4.0/avr5\libgcc.a(_clear_bss.o)
 .text.libgcc.div
                0x00000000        0x0 c:/program files (x86)/atmel/studio/7.0/toolchain/avr8/avr8-gnu-toolchain/bin/../lib/gcc/avr/5.4.0/avr5\libgcc.a(_clear_bss.o)
 .text.libgcc   0x00000000        0x0 c:/program files (x86)/atmel/studio/7.0/toolchain/avr8/avr8-gnu-toolchain/bin/../lib/gcc/avr/5.4.0/avr5\libgcc.a(_clear_bss.o)
 .text.libgcc.prologue
                0x00000000        0x0 c:/program files (x86)/atmel/studio/7.0/toolchain/avr8/avr8-gnu-toolchain/bin/../lib/gcc/avr/5.4.0/avr5\libgcc.a(_clear_bss.o)
 .text.libgcc.builtins
                0x00000000        0x0 c:/program files (x86)/atmel/studio/7.0/toolchain/avr8/avr8-gnu-toolchain/bin/../lib/gcc/avr/5.4.0/avr5\libgcc.a(_clear_bss.o)
 .text.libgcc.fmul
                0x00000000        0x0 c:/program files (x86)/atmel/studio/7.0/toolchain/avr8/avr8-gnu-toolchain/bin/../lib/gcc/avr/5.4.0/avr5\libgcc.a(_clear_bss.o)
 .text.libgcc.fixed
                0x00000000        0x0 c:/program files (x86)/atmel/studio/7.0/toolchain/avr8/avr8-gnu-toolchain/bin/../lib/gcc/avr/5.4.0/avr5\libgcc.a(_clear_bss.o)

Memory Configuration

Name             Origin             Length             Attributes
text             0x00000000         0x00008000         xr
data             0x00800060         0x00000800         rw !x
eeprom           0x00810000         0x00000400         rw !x
fuse             0x00820000         0x00000002         rw !x
lock             0x00830000         0x00000400         rw !x
signature        0x00840000         0x00000400         rw !x
user_signatures  0x00850000         0x00000400         rw !x
*default*        0x00000000         0xffffffff

Linker script and memory map

LOAD C:/Program Files (x86)/Atmel/Studio/7.0/Packs/atmel/ATmega_DFP/1.7.374/gcc/dev/atmega32/avr5/crtatmega32.o
LOAD App/App.o
LOAD HAL/MLED/MLED_Program.o
LOAD main.o
LOAD MCAL/MDIO/MDIO_Program.o
LOAD MCAL/MEXTI/MEXTI_Program.o
LOAD MCAL/MGIE/MGIE_Program.o
LOAD MCAL/MTIMER/MTIMER_Program.o
START GROUP
LOAD c:/program files (x86)/atmel/studio/7.0/toolchain/avr8/avr8-gnu-toolchain/bin/../lib/gcc/avr/5.4.0/../../../../avr/lib/avr5\libm.a
END GROUP
START GROUP
LOAD c:/program files (x86)/atmel/studio/7.0/toolchain/avr8/avr8-gnu-toolchain/bin/../lib/gcc/avr/5.4.0/avr5\libgcc.a
LOAD c:/program files (x86)/atmel/studio/7.0/toolchain/avr8/avr8-gnu-toolchain/bin/../lib/gcc/avr/5.4.0/../../../../avr/lib/avr5\libm.a
LOAD c:/program files (x86)/atmel/studio/7.0/toolchain/avr8/avr8-gnu-toolchain/bin/../lib/gcc/avr/5.4.0/../../../../avr/lib/avr5\libc.a
LOAD C:/Program Files (x86)/Atmel/Studio/7.0/Packs/atmel/ATmega_DFP/1.7.374/gcc/dev/atmega32/avr5\libatmega32.a
END GROUP
                0x00000000                __TEXT_REGION_ORIGIN__ = DEFINED (__TEXT_REGION_ORIGIN__)?__TEXT_REGION_ORIGIN__:0x0
                [0x00800060]                __DATA_REGION_ORIGIN__ = DEFINED (__DATA_REGION_ORIGIN__)?__DATA_REGION_ORIGIN__:0x800060
                [0x00008000]                __TEXT_REGION_LENGTH__ = DEFINED (__TEXT_REGION_LENGTH__)?__TEXT_REGION_LENGTH__:0x20000
                [0x00000800]                __DATA_REGION_LENGTH__ = DEFINED (__DATA_REGION_LENGTH__)?__DATA_REGION_LENGTH__:0xffa0
                [0x00000400]                __EEPROM_REGION_LENGTH__ = DEFINED (__EEPROM_REGION_LENGTH__)?__EEPROM_REGION_LENGTH__:0x10000
                [0x00000002]                __FUSE_REGION_LENGTH__ = DEFINED (__FUSE_REGION_LENGTH__)?__FUSE_REGION_LENGTH__:0x400
                0x00000400                __LOCK_REGION_LENGTH__ = DEFINED (__LOCK_REGION_LENGTH__)?__LOCK_REGION_LENGTH__:0x400
                0x00000400                __SIGNATURE_REGION_LENGTH__ = DEFINED (__SIGNATURE_REGION_LENGTH__)?__SIGNATURE_REGION_LENGTH__:0x400
                0x00000400                __USER_SIGNATURE_REGION_LENGTH__ = DEFINED (__USER_SIGNATURE_REGION_LENGTH__)?__USER_SIGNATURE_REGION_LENGTH__:0x400

.hash
 *(.hash)

.dynsym
 *(.dynsym)

.dynstr
 *(.dynstr)

.gnu.version
 *(.gnu.version)

.gnu.version_d
 *(.gnu.version_d)

.gnu.version_r
 *(.gnu.version_r)

.rel.init
 *(.rel.init)

.rela.init
 *(.rela.init)

.rel.text
 *(.rel.text)
 *(.rel.text.*)
 *(.rel.gnu.linkonce.t*)

.rela.text
 *(.rela.text)
 *(.rela.text.*)
 *(.rela.gnu.linkonce.t*)

.rel.fini
 *(.rel.fini)

.rela.fini
 *(.rela.fini)

.rel.rodata
 *(.rel.rodata)
 *(.rel.rodata.*)
 *(.rel.gnu.linkonce.r*)

.rela.rodata
 *(.rela.rodata)
 *(.rela.rodata.*)
 *(.rela.gnu.linkonce.r*)

.rel.data
 *(.rel.data)
 *(.rel.data.*)
 *(.rel.gnu.linkonce.d*)

.rela.data
 *(.rela.data)
 *(.rela.data.*)
 *(.rela.gnu.linkonce.d*)

.rel.ctors
 *(.rel.ctors)

.rela.ctors
 *(.rela.ctors)

.rel.dtors
 *(.rel.dtors)

.rela.dtors
 *(.rela.dtors)

.rel.got
 *(.rel.got)

.rela.got
 *(.rela.got)

.rel.bss
 *(.rel.bss)

.rela.bss
 *(.rela.bss)

.rel.plt
 *(.rel.plt)

.rela.plt
 *(.rela.plt)

.text           0x00000000      0x792
 *(.vectors)
 .vectors       0x00000000       0x54 C:/Program Files (x86)/Atmel/Studio/7.0/Packs/atmel/ATmega_DFP/1.7.374/gcc/dev/atmega32/avr5/crtatmega32.o
                0x00000000                __vector_default
                0x00000000                __vectors
 *(.vectors)
 *(.progmem.gcc*)
                0x00000054                . = ALIGN (0x2)
                0x00000054                __trampolines_start = .
 *(.trampolines)
 .trampolines   0x00000054        0x0 linker stubs
 *(.trampolines*)
                0x00000054                __trampolines_end = .
 *libprintf_flt.a:*(.progmem.data)
 *libc.a:*(.progmem.data)
 *(.progmem*)
                0x00000054                . = ALIGN (0x2)
 *(.jumptables)
 *(.jumptables*)
 *(.lowtext)
 *(.lowtext*)
                0x00000054                __ctors_start = .
 *(.ctors)
                0x00000054                __ctors_end = .
                0x00000054                __dtors_start = .
 *(.dtors)
                0x00000054                __dtors_end = .
 SORT(*)(.ctors)
 SORT(*)(.dtors)
 *(.init0)
 .init0         0x00000054        0x0 C:/Program Files (x86)/Atmel/Studio/7.0/Packs/atmel/ATmega_DFP/1.7.374/gcc/dev/atmega32/avr5/crtatmega32.o
                0x00000054                __init
 *(.init0)
 *(.init1)
 *(.init1)
 *(.init2)
 .init2         0x00000054        0xc C:/Program Files (x86)/Atmel/Studio/7.0/Packs/atmel/ATmega_DFP/1.7.374/gcc/dev/atmega32/avr5/crtatmega32.o
 *(.init2)
 *(.init3)
 *(.init3)
 *(.init4)
 .init4         0x00000060       0x16 c:/program files (x86)/atmel/studio/7.0/toolchain/avr8/avr8-gnu-toolchain/bin/../lib/gcc/avr/5.4.0/avr5\libgcc.a(_copy_data.o)
                0x00000060                __do_copy_data
 .init4         0x00000076       0x10 c:/program files (x86)/atmel/studio/7.0/toolchain/avr8/avr8-gnu-toolchain/bin/../lib/gcc/avr/5.4.0/avr5\libgcc.a(_clear_bss.o)
                0x00000076                __do_clear_bss
 *(.init4)
 *(.init5)
 *(.init5)
 *(.init6)
 *(.init6)
 *(.init7)
 *(.init7)
 *(.init8)
 *(.init8)
 *(.init9)
 .init9         0x00000086        0x8 C:/Program Files (x86)/Atmel/Studio/7.0/Packs/atmel/ATmega_DFP/1.7.374/gcc/dev/atmega32/avr5/crtatmega32.o
 *(.init9)
 *(.text)
 .text          0x0000008e        0x4 C:/Program Files (x86)/Atmel/Studio/7.0/Packs/atmel/ATmega_DFP/1.7.374/gcc/dev/atmega32/avr5/crtatmega32.o
                0x0000008e                __vector_12
                0x0000008e                __bad_interrupt
                0x0000008e                __vector_6
                0x0000008e                __vector_3
                0x0000008e                __vector_13
                0x0000008e                __vector_17
                0x0000008e                __vector_19
                0x0000008e                __vector_7
                0x0000008e                __vector_5
                0x0000008e                __vector_4
                0x0000008e                __vector_9
                0x0000008e                __vector_2
                0x0000008e                __vector_15
                0x0000008e                __vector_8
                0x0000008e                __vector_14
                0x0000008e                __vector_16
                0x0000008e                __vector_18
                0x0000008e                __vector_20
                0x00000092                . = ALIGN (0x2)
 *(.text.*)
 .text.Normal_Mode
                0x00000092      0x17e App/App.o
                0x00000092                Normal_Mode
 .text.Pedesterian_Mode
                0x00000210       0x32 App/App.o
                0x00000210                Pedesterian_Mode
 .text.app_init
                0x00000242       0x64 App/App.o
                0x00000242                app_init
 .text.app_start
                0x000002a6       0x12 App/App.o
                0x000002a6                app_start
 .text.Led_ON   0x000002b8        0xe HAL/MLED/MLED_Program.o
                0x000002b8                Led_ON
 .text.Led_BLINKING
                0x000002c6        0xc HAL/MLED/MLED_Program.o
                0x000002c6                Led_BLINKING
 .text.Led_OFF  0x000002d2        0xe HAL/MLED/MLED_Program.o
                0x000002d2                Led_OFF
 .text.main     0x000002e0        0xa main.o
                0x000002e0                main
 .text.MDIO_SetPortDirection
                0x000002ea       0x24 MCAL/MDIO/MDIO_Program.o
                0x000002ea                MDIO_SetPortDirection
 .text.MDIO_SetPinDirection
                0x0000030e      0x112 MCAL/MDIO/MDIO_Program.o
                0x0000030e                MDIO_SetPinDirection
 .text.MDIO_SetPinValue
                0x00000420      0x112 MCAL/MDIO/MDIO_Program.o
                0x00000420                MDIO_SetPinValue
 .text.MDIO_ReadPin
                0x00000532       0x7c MCAL/MDIO/MDIO_Program.o
                0x00000532                MDIO_ReadPin
 .text.MDIO_TogglePin
                0x000005ae       0x7c MCAL/MDIO/MDIO_Program.o
                0x000005ae                MDIO_TogglePin
 .text.MEXTI0_Init
                0x0000062a       0x14 MCAL/MEXTI/MEXTI_Program.o
                0x0000062a                MEXTI0_Init
 .text.MEXTI0_CallBack
                0x0000063e        0xe MCAL/MEXTI/MEXTI_Program.o
                0x0000063e                MEXTI0_CallBack
 .text.__vector_1
                0x0000064c       0x52 MCAL/MEXTI/MEXTI_Program.o
                0x0000064c                __vector_1
 .text.MGIE_Enable
                0x0000069e        0x8 MCAL/MGIE/MGIE_Program.o
                0x0000069e                MGIE_Enable
 .text.MTIMER0_Init
                0x000006a6       0x32 MCAL/MTIMER/MTIMER_Program.o
                0x000006a6                MTIMER0_Init
 .text.MTIMER0_SetCTC
                0x000006d8        0x4 MCAL/MTIMER/MTIMER_Program.o
                0x000006d8                MTIMER0_SetCTC
 .text.MTIMER0_CTC_CALLBACK
                0x000006dc        0xe MCAL/MTIMER/MTIMER_Program.o
                0x000006dc                MTIMER0_CTC_CALLBACK
 .text.__vector_10
                0x000006ea       0x52 MCAL/MTIMER/MTIMER_Program.o
                0x000006ea                __vector_10
 .text.__vector_11
                0x0000073c       0x52 MCAL/MTIMER/MTIMER_Program.o
                0x0000073c                __vector_11
                0x0000078e                . = ALIGN (0x2)
 *(.fini9)
 .fini9         0x0000078e        0x0 c:/program files (x86)/atmel/studio/7.0/toolchain/avr8/avr8-gnu-toolchain/bin/../lib/gcc/avr/5.4.0/avr5\libgcc.a(_exit.o)
                0x0000078e                _exit
                0x0000078e                exit
 *(.fini9)
 *(.fini8)
 *(.fini8)
 *(.fini7)
 *(.fini7)
 *(.fini6)
 *(.fini6)
 *(.fini5)
 *(.fini5)
 *(.fini4)
 *(.fini4)
 *(.fini3)
 *(.fini3)
 *(.fini2)
 *(.fini2)
 *(.fini1)
 *(.fini1)
 *(.fini0)
 .fini0         0x0000078e        0x4 c:/program files (x86)/atmel/studio/7.0/toolchain/avr8/avr8-gnu-toolchain/bin/../lib/gcc/avr/5.4.0/avr5\libgcc.a(_exit.o)
 *(.fini0)
                0x00000792                _etext = .

.data           0x00800060        0x2 load address 0x00000792
                0x00800060                PROVIDE (__data_start, .)
 *(.data)
 *(.data*)
 .data.flag_init
                0x00800060        0x1 App/App.o
                0x00800060                flag_init
 *(.gnu.linkonce.d*)
 *(.rodata)
 *(.rodata*)
 *(.gnu.linkonce.r*)
                0x00800062                . = ALIGN (0x2)
 *fill*         0x00800061        0x1 
                0x00800062                _edata = .
                0x00800062                PROVIDE (__data_end, .)

.bss            0x00800062        0xc
                0x00800062                PROVIDE (__bss_start, .)
 *(.bss)
 *(.bss*)
 .bss.state     0x00800062        0x1 App/App.o
                0x00800062                state
 .bss.flag_2    0x00800063        0x1 App/App.o
                0x00800063                flag_2
 .bss.flag      0x00800064        0x1 App/App.o
                0x00800064                flag
 .bss.CTC_Counter
                0x00800065        0x2 App/App.o
 .bss.stateCounter
                0x00800067        0x1 App/App.o
 .bss.Glob_EXTI_ISR_Ptr
                0x00800068        0x2 MCAL/MEXTI/MEXTI_Program.o
                0x00800068                Glob_EXTI_ISR_Ptr
 .bss.Glob_CTC_ISR_Ptr
                0x0080006a        0x2 MCAL/MTIMER/MTIMER_Program.o
                0x0080006a                Glob_CTC_ISR_Ptr
 .bss.Glob_OverflowISR_Ptr
                0x0080006c        0x2 MCAL/MTIMER/MTIMER_Program.o
                0x0080006c                Glob_OverflowISR_Ptr
 *(COMMON)
                0x0080006e                PROVIDE (__bss_end, .)
                0x00000792                __data_load_start = LOADADDR (.data)
                0x00000794                __data_load_end = (__data_load_start + SIZEOF (.data))

.noinit         0x0080006e        0x0
                [!provide]                PROVIDE (__noinit_start, .)
 *(.noinit*)
                [!provide]                PROVIDE (__noinit_end, .)
                0x0080006e                _end = .
                [!provide]                PROVIDE (__heap_start, .)

.eeprom         0x00810000        0x0
 *(.eeprom*)
                0x00810000                __eeprom_end = .

.fuse
 *(.fuse)
 *(.lfuse)
 *(.hfuse)
 *(.efuse)

.lock
 *(.lock*)

.signature
 *(.signature*)

.user_signatures
 *(.user_signatures*)

.stab
 *(.stab)

.stabstr
 *(.stabstr)

.stab.excl
 *(.stab.excl)

.stab.exclstr
 *(.stab.exclstr)

.stab.index
 *(.stab.index)

.stab.indexstr
 *(.stab.indexstr)

.comment        0x00000000       0x30
 *(.comment)
 .comment       0x00000000       0x30 App/App.o
                                 0x31 (size before relaxing)
 .comment       0x00000030       0x31 HAL/MLED/MLED_Program.o
 .comment       0x00000030       0x31 main.o
 .comment       0x00000030       0x31 MCAL/MDIO/MDIO_Program.o
 .comment       0x00000030       0x31 MCAL/MEXTI/MEXTI_Program.o
 .comment       0x00000030       0x31 MCAL/MGIE/MGIE_Program.o
 .comment       0x00000030       0x31 MCAL/MTIMER/MTIMER_Program.o

.note.gnu.avr.deviceinfo
                0x00000000       0x3c
 .note.gnu.avr.deviceinfo
                0x00000000       0x3c C:/Program Files (x86)/Atmel/Studio/7.0/Packs/atmel/ATmega_DFP/1.7.374/gcc/dev/atmega32/avr5/crtatmega32.o

.note.gnu.build-id
 *(.note.gnu.build-id)

.debug
 *(.debug)

.line
 *(.line)

.debug_srcinfo
 *(.debug_srcinfo)

.debug_sfnames
 *(.debug_sfnames)

.debug_aranges  0x00000000      0x198
 *(.debug_aranges)
 .debug_aranges
                0x00000000       0x40 App/App.o
 .debug_aranges
                0x00000040       0x30 HAL/MLED/MLED_Program.o
 .debug_aranges
                0x00000070       0x20 main.o
 .debug_aranges
                0x00000090       0x50 MCAL/MDIO/MDIO_Program.o
 .debug_aranges
                0x000000e0       0x40 MCAL/MEXTI/MEXTI_Program.o
 .debug_aranges
                0x00000120       0x28 MCAL/MGIE/MGIE_Program.o
 .debug_aranges
                0x00000148       0x50 MCAL/MTIMER/MTIMER_Program.o

.debug_pubnames
 *(.debug_pubnames)

.debug_info     0x00000000     0x11b0
 *(.debug_info .gnu.linkonce.wi.*)
 .debug_info    0x00000000      0x4e6 C:/Program Files (x86)/Atmel/Studio/7.0/Packs/atmel/ATmega_DFP/1.7.374/gcc/dev/atmega32/avr5/crtatmega32.o
 .debug_info    0x000004e6      0x57d App/App.o
 .debug_info    0x00000a63      0x191 HAL/MLED/MLED_Program.o
 .debug_info    0x00000bf4       0xa6 main.o
 .debug_info    0x00000c9a      0x21d MCAL/MDIO/MDIO_Program.o
 .debug_info    0x00000eb7       0xfa MCAL/MEXTI/MEXTI_Program.o
 .debug_info    0x00000fb1       0x8a MCAL/MGIE/MGIE_Program.o
 .debug_info    0x0000103b      0x175 MCAL/MTIMER/MTIMER_Program.o

.debug_abbrev   0x00000000      0x8b8
 *(.debug_abbrev)
 .debug_abbrev  0x00000000      0x4a3 C:/Program Files (x86)/Atmel/Studio/7.0/Packs/atmel/ATmega_DFP/1.7.374/gcc/dev/atmega32/avr5/crtatmega32.o
 .debug_abbrev  0x000004a3       0xfc App/App.o
 .debug_abbrev  0x0000059f       0x8b HAL/MLED/MLED_Program.o
 .debug_abbrev  0x0000062a       0x66 main.o
 .debug_abbrev  0x00000690       0x96 MCAL/MDIO/MDIO_Program.o
 .debug_abbrev  0x00000726       0xa6 MCAL/MEXTI/MEXTI_Program.o
 .debug_abbrev  0x000007cc       0x46 MCAL/MGIE/MGIE_Program.o
 .debug_abbrev  0x00000812       0xa6 MCAL/MTIMER/MTIMER_Program.o

.debug_line     0x00000000      0xb8b
 *(.debug_line .debug_line.* .debug_line_end)
 .debug_line    0x00000000      0x116 C:/Program Files (x86)/Atmel/Studio/7.0/Packs/atmel/ATmega_DFP/1.7.374/gcc/dev/atmega32/avr5/crtatmega32.o
 .debug_line    0x00000116      0x3a7 App/App.o
 .debug_line    0x000004bd       0xcf HAL/MLED/MLED_Program.o
 .debug_line    0x0000058c       0x57 main.o
 .debug_line    0x000005e3      0x2ba MCAL/MDIO/MDIO_Program.o
 .debug_line    0x0000089d      0x109 MCAL/MEXTI/MEXTI_Program.o
 .debug_line    0x000009a6       0x8b MCAL/MGIE/MGIE_Program.o
 .debug_line    0x00000a31      0x15a MCAL/MTIMER/MTIMER_Program.o

.debug_frame    0x00000000      0x344
 *(.debug_frame)
 .debug_frame   0x00000000       0x64 App/App.o
 .debug_frame   0x00000064       0x44 HAL/MLED/MLED_Program.o
 .debug_frame   0x000000a8       0x24 main.o
 .debug_frame   0x000000cc       0x84 MCAL/MDIO/MDIO_Program.o
 .debug_frame   0x00000150       0xac MCAL/MEXTI/MEXTI_Program.o
 .debug_frame   0x000001fc       0x34 MCAL/MGIE/MGIE_Program.o
 .debug_frame   0x00000230      0x114 MCAL/MTIMER/MTIMER_Program.o

.debug_str      0x00000000      0x6c7
 *(.debug_str)
 .debug_str     0x00000000      0x196 C:/Program Files (x86)/Atmel/Studio/7.0/Packs/atmel/ATmega_DFP/1.7.374/gcc/dev/atmega32/avr5/crtatmega32.o
 .debug_str     0x00000196      0x2d3 App/App.o
                                0x2fa (size before relaxing)
 .debug_str     0x00000469       0x72 HAL/MLED/MLED_Program.o
                                0x21e (size before relaxing)
 .debug_str     0x000004db       0x11 main.o
                                0x196 (size before relaxing)
 .debug_str     0x000004ec       0x96 MCAL/MDIO/MDIO_Program.o
                                0x283 (size before relaxing)
 .debug_str     0x00000582       0x5c MCAL/MEXTI/MEXTI_Program.o
                                0x1ea (size before relaxing)
 .debug_str     0x000005de       0x29 MCAL/MGIE/MGIE_Program.o
                                0x1a7 (size before relaxing)
 .debug_str     0x00000607       0xc0 MCAL/MTIMER/MTIMER_Program.o
                                0x263 (size before relaxing)

.debug_loc      0x00000000      0xa65
 *(.debug_loc)
 .debug_loc     0x00000000      0x108 HAL/MLED/MLED_Program.o
 .debug_loc     0x00000108      0x6fc MCAL/MDIO/MDIO_Program.o
 .debug_loc     0x00000804       0xcb MCAL/MEXTI/MEXTI_Program.o
 .debug_loc     0x000008cf      0x196 MCAL/MTIMER/MTIMER_Program.o

.debug_macinfo
 *(.debug_macinfo)

.debug_weaknames
 *(.debug_weaknames)

.debug_funcnames
 *(.debug_funcnames)

.debug_typenames
 *(.debug_typenames)

.debug_varnames
 *(.debug_varnames)

.debug_pubtypes
 *(.debug_pubtypes)

.debug_ranges   0x00000000      0x128
 *(.debug_ranges)
 .debug_ranges  0x00000000       0x30 App/App.o
 .debug_ranges  0x00000030       0x20 HAL/MLED/MLED_Program.o
 .debug_ranges  0x00000050       0x10 main.o
 .debug_ranges  0x00000060       0x40 MCAL/MDIO/MDIO_Program.o
 .debug_ranges  0x000000a0       0x30 MCAL/MEXTI/MEXTI_Program.o
 .debug_ranges  0x000000d0       0x18 MCAL/MGIE/MGIE_Program.o
 .debug_ranges  0x000000e8       0x40 MCAL/MTIMER/MTIMER_Program.o

.debug_macro
 *(.debug_macro)
OUTPUT(traffic light project egy fwd.elf elf32-avr)
LOAD linker stubs
